........................................................................ [ 17%]
...ssssssssssssssssss........ssssssss................................... [ 34%]
........................................................................ [ 51%]
........................................................................ [ 68%]
........................................................................ [ 85%]
...............................................................          [100%]
=========================== short test summary info ===========================
SKIPPED [1] tests\test_endpoints.py:39: aria-api service not reachable
SKIPPED [1] tests\test_endpoints.py:47: aria-api service not reachable
SKIPPED [1] tests\test_endpoints.py:55: aria-api service not reachable
SKIPPED [1] tests\test_endpoints.py:63: aria-api service not reachable
SKIPPED [1] tests\test_endpoints.py:70: aria-api service not reachable
SKIPPED [1] tests\test_endpoints.py:77: aria-api service not reachable
SKIPPED [1] tests\test_endpoints.py:96: aria-web service not reachable
SKIPPED [1] tests\test_endpoints.py:103: aria-web service not reachable
SKIPPED [1] tests\test_endpoints.py:110: aria-web service not reachable
SKIPPED [1] tests\test_endpoints.py:118: aria-web service not reachable
SKIPPED [1] tests\test_endpoints.py:124: aria-web service not reachable
SKIPPED [1] tests\test_endpoints.py:130: aria-web service not reachable
SKIPPED [1] tests\test_endpoints.py:135: aria-web service not reachable
SKIPPED [1] tests\test_endpoints.py:141: aria-web service not reachable
SKIPPED [1] tests\test_endpoints.py:146: aria-web service not reachable
SKIPPED [1] tests\test_endpoints.py:166: aria-web service not reachable
SKIPPED [1] tests\test_endpoints.py:173: aria-web service not reachable
SKIPPED [1] tests\test_endpoints.py:180: aria-web service not reachable
SKIPPED [1] tests\test_integration.py:42: Flask app not available
SKIPPED [1] tests\test_integration.py:48: Flask app not available
SKIPPED [1] tests\test_integration.py:53: Flask app not available
SKIPPED [1] tests\test_integration.py:58: Flask app not available
SKIPPED [1] tests\test_integration.py:63: Flask app not available
SKIPPED [1] tests\test_integration.py:68: Flask app not available
SKIPPED [1] tests\test_integration.py:73: Flask app not available
SKIPPED [1] tests\test_integration.py:78: Flask app not available
